      40/50     0.244G     0.1381         16        224: 26% ━━━───────── 100/
      40/50     0.244G     0.1375         16        224: 28% ━━━───────── 105/
      40/50     0.244G     0.1398         16        224: 29% ━━━╸──────── 109/
      40/50     0.244G     0.1394         16        224: 30% ━━━╸──────── 113/
      40/50     0.244G     0.1413         16        224: 31% ━━━╸──────── 118/
      40/50     0.244G     0.1403         16        224: 32% ━━━╸──────── 123/
      40/50     0.244G     0.1389         16        224: 34% ━━━━──────── 128/
      40/50     0.244G     0.1356         16        224: 35% ━━━━──────── 133/
      40/50     0.244G     0.1343         16        224: 36% ━━━━──────── 138/
      40/50     0.244G     0.1315         16        224: 38% ━━━━╸─────── 143/
      40/50     0.244G      0.131         16        224: 39% ━━━━╸─────── 148/
      40/50     0.244G     0.1308         16        224: 41% ━━━━╸─────── 153/
      40/50     0.244G     0.1344         16        224: 42% ━━━━━─────── 158/
      40/50     0.244G     0.1323         16        224: 43% ━━━━━─────── 163/
      40/50     0.244G     0.1303         16        224: 45% ━━━━━─────── 168/
      40/50     0.244G     0.1345         16        224: 46% ━━━━━╸────── 173/
      40/50     0.244G     0.1367         16        224: 47% ━━━━━╸────── 178/
      40/50     0.244G     0.1391         16        224: 49% ━━━━━╸────── 183/
      40/50     0.244G     0.1376         16        224: 50% ━━━━━━────── 188/
      40/50     0.244G     0.1371         16        224: 51% ━━━━━━────── 193/
      40/50     0.244G     0.1374         16        224: 53% ━━━━━━────── 198/
      40/50     0.244G     0.1388         16        224: 54% ━━━━━━╸───── 203/
      40/50     0.244G      0.136         16        224: 55% ━━━━━━╸───── 208/
      40/50     0.244G     0.1354         16        224: 57% ━━━━━━╸───── 213/
      40/50     0.244G      0.134         16        224: 58% ━━━━━━━───── 218/
      40/50     0.244G     0.1347         16        224: 59% ━━━━━━━───── 222/
      40/50     0.244G     0.1337         16        224: 60% ━━━━━━━───── 227/
      40/50     0.244G      0.133         16        224: 62% ━━━━━━━───── 232/
      40/50     0.244G     0.1322         16        224: 63% ━━━━━━━╸──── 236/
      40/50     0.244G     0.1305         16        224: 64% ━━━━━━━╸──── 240/
      40/50     0.244G     0.1313         16        224: 65% ━━━━━━━╸──── 244/
      40/50     0.244G     0.1323         16        224: 66% ━━━━━━━━──── 249/
      40/50     0.244G     0.1311         16        224: 67% ━━━━━━━━──── 253/
      40/50     0.244G      0.132         16        224: 69% ━━━━━━━━──── 258/
      40/50     0.244G     0.1321         16        224: 70% ━━━━━━━━──── 262/
      40/50     0.244G     0.1331         16        224: 71% ━━━━━━━━╸─── 267/
      40/50     0.244G     0.1326         16        224: 72% ━━━━━━━━╸─── 272/
      40/50     0.244G     0.1344         16        224: 74% ━━━━━━━━╸─── 277/
      40/50     0.244G     0.1339         16        224: 75% ━━━━━━━━━─── 282/
      40/50     0.244G     0.1337         16        224: 76% ━━━━━━━━━─── 287/
      40/50     0.244G     0.1319         16        224: 78% ━━━━━━━━━─── 292/
      40/50     0.244G     0.1314         16        224: 79% ━━━━━━━━━╸── 297/
      40/50     0.244G     0.1316         16        224: 80% ━━━━━━━━━╸── 301/
      40/50     0.244G     0.1309         16        224: 82% ━━━━━━━━━╸── 306/
      40/50     0.244G     0.1295         16        224: 83% ━━━━━━━━━━── 311/
      40/50     0.244G     0.1294         16        224: 84% ━━━━━━━━━━── 315/
      40/50     0.244G     0.1289         16        224: 85% ━━━━━━━━━━── 320/
      40/50     0.244G     0.1282         16        224: 86% ━━━━━━━━━━── 324/
      40/50     0.244G      0.128         16        224: 87% ━━━━━━━━━━╸─ 328/
      40/50     0.244G     0.1269         16        224: 89% ━━━━━━━━━━╸─ 333/
      40/50     0.244G     0.1263         16        224: 90% ━━━━━━━━━━╸─ 338/
      40/50     0.244G     0.1261         16        224: 91% ━━━━━━━━━━━─ 342/
      40/50     0.244G     0.1253         16        224: 93% ━━━━━━━━━━━─ 347/
      40/50     0.244G     0.1248         16        224: 94% ━━━━━━━━━━━─ 352/
      40/50     0.244G     0.1258         16        224: 95% ━━━━━━━━━━━─ 357/
      40/50     0.244G      0.126         16        224: 97% ━━━━━━━━━━━╸ 362/
      40/50     0.244G     0.1273         16        224: 98% ━━━━━━━━━━━╸ 367/
      40/50     0.244G     0.1315          3        224: 99% ━━━━━━━━━━━╸ 372/
      40/50     0.244G     0.1315          3        224: 100% ━━━━━━━━━━━━ 373/373 41.0it/s 9.1s
               classes   top1_acc   top5_acc: 21% ━━╸───────── 9/42 25.5it/s 0
               classes   top1_acc   top5_acc: 40% ━━━━╸─────── 17/42 41.4it/s 
               classes   top1_acc   top5_acc: 61% ━━━━━━━───── 26/42 52.9it/s 
               classes   top1_acc   top5_acc: 83% ━━━━━━━━━━── 35/42 62.7it/s 
               classes   top1_acc   top5_acc: 100% ━━━━━━━━━━━━ 42/42 81.6it/s 0.5s
                   all      0.882      0.988

      Epoch    GPU_mem       loss  Instances       Size
      41/50     0.244G     0.0705         16        224: 0% ──────────── 0/373
      41/50     0.244G     0.1503         16        224: 0% ──────────── 3/373
      41/50     0.244G     0.2136         16        224: 1% ──────────── 6/373
      41/50     0.244G     0.1686         16        224: 2% ──────────── 10/37
      41/50     0.244G     0.1543         16        224: 3% ──────────── 14/37
      41/50     0.244G     0.1434         16        224: 4% ╸─────────── 18/37
      41/50     0.244G     0.1356         16        224: 5% ╸─────────── 22/37
      41/50     0.244G     0.1358         16        224: 7% ╸─────────── 27/37
      41/50     0.244G     0.1357         16        224: 8% ╸─────────── 31/37
      41/50     0.244G     0.1386         16        224: 9% ━─────────── 35/37
      41/50     0.244G     0.1485         16        224: 10% ━─────────── 40/3
      41/50     0.244G     0.1508         16        224: 11% ━─────────── 44/3
      41/50     0.244G      0.148         16        224: 13% ━╸────────── 49/3
      41/50     0.244G     0.1443         16        224: 14% ━╸────────── 54/3
      41/50     0.244G     0.1417         16        224: 15% ━╸────────── 59/3
      41/50     0.244G     0.1476         16        224: 17% ━━────────── 64/3
      41/50     0.244G     0.1417         16        224: 18% ━━────────── 69/3
      41/50     0.244G     0.1378         16        224: 19% ━━────────── 74/3
      41/50     0.244G     0.1342         16        224: 20% ━━╸───────── 78/3
      41/50     0.244G     0.1334         16        224: 21% ━━╸───────── 82/3
      41/50     0.244G     0.1308         16        224: 23% ━━╸───────── 86/3
      41/50     0.244G     0.1344         16        224: 24% ━━╸───────── 91/3
      41/50     0.244G     0.1349         16        224: 25% ━━━───────── 96/3
      41/50     0.244G     0.1348         16        224: 27% ━━━───────── 101/
      41/50     0.244G      0.133         16        224: 28% ━━━───────── 106/
      41/50     0.244G     0.1333         16        224: 29% ━━━╸──────── 111/
      41/50     0.244G     0.1331         16        224: 31% ━━━╸──────── 116/
      41/50     0.244G     0.1349         16        224: 32% ━━━╸──────── 121/
      41/50     0.244G     0.1355         16        224: 33% ━━━━──────── 126/
      41/50     0.244G     0.1372         16        224: 35% ━━━━──────── 131/
      41/50     0.244G     0.1394         16        224: 36% ━━━━──────── 136/
      41/50     0.244G     0.1412         16        224: 37% ━━━━╸─────── 141/
      41/50     0.244G     0.1414         16        224: 39% ━━━━╸─────── 146/
      41/50     0.244G     0.1395         16        224: 40% ━━━━╸─────── 151/
      41/50     0.244G     0.1413         16        224: 41% ━━━━━─────── 156/
      41/50     0.244G      0.142         16        224: 43% ━━━━━─────── 161/
      41/50     0.244G     0.1408         16        224: 44% ━━━━━─────── 166/
      41/50     0.244G     0.1393         16        224: 45% ━━━━━╸────── 171/
      41/50     0.244G     0.1402         16        224: 47% ━━━━━╸────── 176/
      41/50     0.244G     0.1388         16        224: 48% ━━━━━╸────── 181/
      41/50     0.244G      0.139         16        224: 49% ━━━━━╸────── 186/
      41/50     0.244G      0.139         16        224: 51% ━━━━━━────── 191/
      41/50     0.244G     0.1382         16        224: 52% ━━━━━━────── 196/
      41/50     0.244G     0.1382         16        224: 53% ━━━━━━────── 201/
      41/50     0.244G     0.1379         16        224: 55% ━━━━━━╸───── 206/
      41/50     0.244G     0.1369         16        224: 56% ━━━━━━╸───── 211/
      41/50     0.244G     0.1386         16        224: 57% ━━━━━━╸───── 216/
      41/50     0.244G     0.1397         16        224: 59% ━━━━━━━───── 221/
      41/50     0.244G     0.1389         16        224: 60% ━━━━━━━───── 226/
      41/50     0.244G     0.1374         16        224: 61% ━━━━━━━───── 231/
      41/50     0.244G     0.1372         16        224: 63% ━━━━━━━╸──── 236/
      41/50     0.244G     0.1363         16        224: 64% ━━━━━━━╸──── 241/
      41/50     0.244G     0.1376         16        224: 65% ━━━━━━━╸──── 246/
      41/50     0.244G     0.1375         16        224: 67% ━━━━━━━━──── 250/
      41/50     0.244G     0.1361         16        224: 68% ━━━━━━━━──── 255/
      41/50     0.244G     0.1356         16        224: 69% ━━━━━━━━──── 260/
      41/50     0.244G     0.1348         16        224: 71% ━━━━━━━━╸─── 265/
      41/50     0.244G     0.1339         16        224: 72% ━━━━━━━━╸─── 270/
      41/50     0.244G     0.1356         16        224: 73% ━━━━━━━━╸─── 275/
      41/50     0.244G     0.1344         16        224: 75% ━━━━━━━━━─── 280/
      41/50     0.244G     0.1336         16        224: 76% ━━━━━━━━━─── 285/
      41/50     0.244G     0.1332         16        224: 77% ━━━━━━━━━─── 290/
      41/50     0.244G     0.1321         16        224: 79% ━━━━━━━━━─── 295/
      41/50     0.244G     0.1327         16        224: 80% ━━━━━━━━━╸── 300/
      41/50     0.244G      0.132         16        224: 81% ━━━━━━━━━╸── 305/
      41/50     0.244G     0.1314         16        224: 83% ━━━━━━━━━╸── 310/
      41/50     0.244G       0.13         16        224: 84% ━━━━━━━━━━── 315/
      41/50     0.244G     0.1297         16        224: 85% ━━━━━━━━━━── 319/
      41/50     0.244G     0.1288         16        224: 86% ━━━━━━━━━━── 324/
      41/50     0.244G     0.1282         16        224: 87% ━━━━━━━━━━╸─ 328/
      41/50     0.244G     0.1278         16        224: 89% ━━━━━━━━━━╸─ 333/
      41/50     0.244G     0.1276         16        224: 90% ━━━━━━━━━━╸─ 338/
      41/50     0.244G     0.1266         16        224: 91% ━━━━━━━━━━━─ 343/
      41/50     0.244G     0.1264         16        224: 93% ━━━━━━━━━━━─ 348/
      41/50     0.244G     0.1261         16        224: 94% ━━━━━━━━━━━─ 352/
      41/50     0.244G     0.1252         16        224: 95% ━━━━━━━━━━━─ 356/
      41/50     0.244G     0.1254         16        224: 96% ━━━━━━━━━━━╸ 360/
      41/50     0.244G     0.1253         16        224: 97% ━━━━━━━━━━━╸ 365/
      41/50     0.244G     0.1248         16        224: 99% ━━━━━━━━━━━╸ 370/
      41/50     0.244G     0.1255          3        224: 100% ━━━━━━━━━━━━ 373/373 40.4it/s 9.2s
               classes   top1_acc   top5_acc: 21% ━━╸───────── 9/42 26.3it/s 0
               classes   top1_acc   top5_acc: 42% ━━━━━─────── 18/42 42.4it/s 
               classes   top1_acc   top5_acc: 61% ━━━━━━━───── 26/42 53.3it/s 
               classes   top1_acc   top5_acc: 80% ━━━━━━━━━╸── 34/42 59.9it/s 
               classes   top1_acc   top5_acc: 100% ━━━━━━━━━━━━ 42/42 80.4it/s 0.5s
                   all      0.884      0.989

      Epoch    GPU_mem       loss  Instances       Size
      42/50     0.244G    0.09043         16        224: 0% ──────────── 3/373
      42/50     0.244G     0.1257         16        224: 1% ──────────── 7/373
      42/50     0.244G     0.1187         16        224: 2% ──────────── 11/37
      42/50     0.244G     0.1145         16        224: 4% ──────────── 15/37
      42/50     0.244G     0.1336         16        224: 5% ╸─────────── 19/37
      42/50     0.244G     0.1222         16        224: 6% ╸─────────── 23/37
      42/50     0.244G     0.1246         16        224: 7% ╸─────────── 27/37
      42/50     0.244G     0.1166         16        224: 8% ╸─────────── 31/37
      42/50     0.244G     0.1079         16        224: 9% ━─────────── 35/37
      42/50     0.244G     0.1033         16        224: 10% ━─────────── 39/3
      42/50     0.244G     0.1093         16        224: 11% ━─────────── 44/3
      42/50     0.244G     0.1108         16        224: 13% ━╸────────── 49/3
      42/50     0.244G     0.1068         16        224: 14% ━╸────────── 53/3
      42/50     0.244G     0.1099         16        224: 15% ━╸────────── 58/3
      42/50     0.244G     0.1164         16        224: 16% ━╸────────── 62/3
      42/50     0.244G     0.1144         16        224: 17% ━━────────── 67/3
      42/50     0.244G     0.1149         16        224: 19% ━━────────── 71/3
      42/50     0.244G     0.1126         16        224: 20% ━━────────── 75/3
      42/50     0.244G     0.1096         16        224: 21% ━━╸───────── 79/3
      42/50     0.244G     0.1112         16        224: 22% ━━╸───────── 84/3
      42/50     0.244G     0.1118         16        224: 23% ━━╸───────── 89/3
      42/50     0.244G     0.1143         16        224: 25% ━━━───────── 94/3
      42/50     0.244G     0.1143         16        224: 26% ━━━───────── 99/3
      42/50     0.244G      0.115         16        224: 27% ━━━───────── 103/
      42/50     0.244G     0.1182         16        224: 28% ━━━───────── 108/
      42/50     0.244G     0.1189         16        224: 30% ━━━╸──────── 113/
      42/50     0.244G     0.1188         16        224: 31% ━━━╸──────── 118/
      42/50     0.244G     0.1189         16        224: 32% ━━━╸──────── 123/
      42/50     0.244G      0.125         16        224: 34% ━━━━──────── 128/
      42/50     0.244G     0.1264         16        224: 35% ━━━━──────── 133/
      42/50     0.244G     0.1231         16        224: 36% ━━━━──────── 138/
      42/50     0.244G      0.126         16        224: 38% ━━━━╸─────── 143/
      42/50     0.244G      0.124         16        224: 39% ━━━━╸─────── 147/
      42/50     0.244G     0.1257         16        224: 40% ━━━━╸─────── 152/
      42/50     0.244G     0.1232         16        224: 41% ━━━━━─────── 156/
      42/50     0.244G     0.1224         16        224: 43% ━━━━━─────── 161/
      42/50     0.244G     0.1227         16        224: 44% ━━━━━─────── 165/
      42/50     0.244G     0.1224         16        224: 45% ━━━━━─────── 170/
      42/50     0.244G      0.125         16        224: 46% ━━━━━╸────── 175/
      42/50     0.244G      0.123         16        224: 48% ━━━━━╸────── 180/
      42/50     0.244G     0.1222         16        224: 49% ━━━━━╸────── 185/
      42/50     0.244G     0.1241         16        224: 50% ━━━━━━────── 190/
      42/50     0.244G     0.1238         16        224: 52% ━━━━━━────── 195/
      42/50     0.244G     0.1236         16        224: 53% ━━━━━━────── 200/
      42/50     0.244G      0.124         16        224: 54% ━━━━━━╸───── 205/
      42/50     0.244G     0.1229         16        224: 56% ━━━━━━╸───── 210/
      42/50     0.244G     0.1228         16        224: 57% ━━━━━━╸───── 215/
      42/50     0.244G     0.1227         16        224: 58% ━━━━━━━───── 220/
      42/50     0.244G     0.1211         16        224: 60% ━━━━━━━───── 225/
      42/50     0.244G     0.1202         16        224: 61% ━━━━━━━───── 230/
      42/50     0.244G     0.1213         16        224: 63% ━━━━━━━╸──── 235/
      42/50     0.244G     0.1219         16        224: 64% ━━━━━━━╸──── 240/
      42/50     0.244G     0.1208         16        224: 65% ━━━━━━━╸──── 245/
      42/50     0.244G     0.1208         16        224: 67% ━━━━━━━━──── 250/
      42/50     0.244G      0.121         16        224: 68% ━━━━━━━━──── 254/
      42/50     0.244G     0.1202         16        224: 69% ━━━━━━━━──── 259/
      42/50     0.244G     0.1206         16        224: 70% ━━━━━━━━──── 263/
      42/50     0.244G     0.1205         16        224: 71% ━━━━━━━━╸─── 267/
      42/50     0.244G     0.1195         16        224: 72% ━━━━━━━━╸─── 272/
      42/50     0.244G     0.1189         16        224: 73% ━━━━━━━━╸─── 276/
      42/50     0.244G      0.118         16        224: 75% ━━━━━━━━━─── 281/
      42/50     0.244G     0.1201         16        224: 76% ━━━━━━━━━─── 285/
      42/50     0.244G     0.1199         16        224: 77% ━━━━━━━━━─── 290/
      42/50     0.244G     0.1191         16        224: 78% ━━━━━━━━━─── 294/
      42/50     0.244G     0.1195         16        224: 80% ━━━━━━━━━╸── 299/
      42/50     0.244G       0.12         16        224: 81% ━━━━━━━━━╸── 304/
      42/50     0.244G     0.1204         16        224: 82% ━━━━━━━━━╸── 309/
      42/50     0.244G     0.1197         16        224: 84% ━━━━━━━━━━── 314/
      42/50     0.244G     0.1192         16        224: 85% ━━━━━━━━━━── 319/
      42/50     0.244G     0.1185         16        224: 86% ━━━━━━━━━━── 323/
      42/50     0.244G     0.1191         16        224: 87% ━━━━━━━━━━╸─ 328/
      42/50     0.244G     0.1198         16        224: 89% ━━━━━━━━━━╸─ 332/
      42/50     0.244G     0.1195         16        224: 90% ━━━━━━━━━━╸─ 336/
      42/50     0.244G      0.119         16        224: 91% ━━━━━━━━━━╸─ 340/
      42/50     0.244G      0.119         16        224: 92% ━━━━━━━━━━━─ 345/
      42/50     0.244G      0.119         16        224: 93% ━━━━━━━━━━━─ 350/
      42/50     0.244G      0.118         16        224: 95% ━━━━━━━━━━━─ 355/
      42/50     0.244G     0.1197         16        224: 96% ━━━━━━━━━━━╸ 360/
      42/50     0.244G     0.1212         16        224: 97% ━━━━━━━━━━━╸ 364/
      42/50     0.244G     0.1201         16        224: 98% ━━━━━━━━━━━╸ 369/
      42/50     0.244G     0.1235          3        224: 100% ━━━━━━━━━━━━ 373/373 40.7it/s 9.2s
               classes   top1_acc   top5_acc: 21% ━━╸───────── 9/42 26.0it/s 0
               classes   top1_acc   top5_acc: 40% ━━━━╸─────── 17/42 41.9it/s 
               classes   top1_acc   top5_acc: 59% ━━━━━━━───── 25/42 53.1it/s 
               classes   top1_acc   top5_acc: 78% ━━━━━━━━━─── 33/42 59.9it/s 
               classes   top1_acc   top5_acc: 100% ━━━━━━━━━━━━ 42/42 81.4it/s 0.5s
                   all      0.882       0.99

      Epoch    GPU_mem       loss  Instances       Size
      43/50     0.244G    0.06341         16        224: 1% ──────────── 4/373
      43/50     0.244G     0.1458         16        224: 2% ──────────── 8/373
      43/50     0.244G     0.1108         16        224: 3% ──────────── 13/37
      43/50     0.244G     0.1177         16        224: 4% ╸─────────── 17/37
      43/50     0.244G     0.1134         16        224: 5% ╸─────────── 22/37
      43/50     0.244G      0.105         16        224: 7% ╸─────────── 27/37
      43/50     0.244G    0.09429         16        224: 8% ━─────────── 32/37
      43/50     0.244G      0.106         16        224: 9% ━─────────── 37/37
      43/50     0.244G     0.1052         16        224: 11% ━─────────── 42/3
      43/50     0.244G     0.1189         16        224: 12% ━╸────────── 47/3
      43/50     0.244G     0.1133         16        224: 13% ━╸────────── 52/3
      43/50     0.244G     0.1258         16        224: 15% ━╸────────── 57/3
      43/50     0.244G     0.1204         16        224: 16% ━╸────────── 62/3
      43/50     0.244G     0.1177         16        224: 17% ━━────────── 67/3
      43/50     0.244G      0.119         16        224: 19% ━━────────── 72/3
      43/50     0.244G     0.1244         16        224: 20% ━━────────── 77/3
      43/50     0.244G     0.1199         16        224: 21% ━━╸───────── 82/3
      43/50     0.244G     0.1183         16        224: 23% ━━╸───────── 87/3
      43/50     0.244G     0.1185         16        224: 24% ━━╸───────── 92/3
      43/50     0.244G     0.1205         16        224: 26% ━━━───────── 97/3
      43/50     0.244G     0.1236         16        224: 27% ━━━───────── 102/
      43/50     0.244G     0.1208         16        224: 28% ━━━───────── 107/
      43/50     0.244G     0.1188         16        224: 30% ━━━╸──────── 112/
      43/50     0.244G     0.1174         16        224: 31% ━━━╸──────── 117/
      43/50     0.244G     0.1169         16        224: 32% ━━━╸──────── 122/
      43/50     0.244G      0.123         16        224: 33% ━━━━──────── 126/
      43/50     0.244G     0.1248         16        224: 35% ━━━━──────── 131/
      43/50     0.244G     0.1236         16        224: 36% ━━━━──────── 136/
      43/50     0.244G     0.1212         16        224: 37% ━━━━╸─────── 141/
      43/50     0.244G     0.1194         16        224: 39% ━━━━╸─────── 146/
      43/50     0.244G     0.1243         16        224: 40% ━━━━╸─────── 151/
      43/50     0.244G     0.1214         16        224: 41% ━━━━━─────── 156/
      43/50     0.244G      0.123         16        224: 43% ━━━━━─────── 161/
      43/50     0.244G     0.1203         16        224: 44% ━━━━━─────── 166/
      43/50     0.244G     0.1188         16        224: 45% ━━━━━╸────── 171/
      43/50     0.244G     0.1186         16        224: 47% ━━━━━╸────── 176/
      43/50     0.244G     0.1212         16        224: 48% ━━━━━╸────── 181/
      43/50     0.244G     0.1217         16        224: 49% ━━━━━╸────── 186/
      43/50     0.244G     0.1214         16        224: 51% ━━━━━━────── 191/
      43/50     0.244G     0.1262         16        224: 52% ━━━━━━────── 195/
      43/50     0.244G     0.1255         16        224: 53% ━━━━━━────── 200/
      43/50     0.244G      0.126         16        224: 54% ━━━━━━╸───── 205/
      43/50     0.244G      0.125         16        224: 56% ━━━━━━╸───── 209/
      43/50     0.244G     0.1256         16        224: 57% ━━━━━━╸───── 214/
      43/50     0.244G     0.1247         16        224: 58% ━━━━━━━───── 219/
      43/50     0.244G     0.1248         16        224: 59% ━━━━━━━───── 223/
      43/50     0.244G     0.1246         16        224: 61% ━━━━━━━───── 228/
      43/50     0.244G     0.1255         16        224: 62% ━━━━━━━───── 232/
      43/50     0.244G     0.1245         16        224: 63% ━━━━━━━╸──── 237/
      43/50     0.244G     0.1246         16        224: 64% ━━━━━━━╸──── 241/
      43/50     0.244G     0.1243         16        224: 65% ━━━━━━━╸──── 246/
      43/50     0.244G     0.1242         16        224: 67% ━━━━━━━━──── 250/
      43/50     0.244G     0.1233         16        224: 68% ━━━━━━━━──── 255/
      43/50     0.244G     0.1226         16        224: 69% ━━━━━━━━──── 260/
      43/50     0.244G     0.1234         16        224: 71% ━━━━━━━━╸─── 265/
      43/50     0.244G     0.1233         16        224: 72% ━━━━━━━━╸─── 270/
      43/50     0.244G     0.1228         16        224: 73% ━━━━━━━━╸─── 274/
      43/50     0.244G     0.1228         16        224: 74% ━━━━━━━━╸─── 278/
      43/50     0.244G     0.1229         16        224: 75% ━━━━━━━━━─── 282/
      43/50     0.244G     0.1233         16        224: 76% ━━━━━━━━━─── 286/
      43/50     0.244G     0.1229         16        224: 77% ━━━━━━━━━─── 290/
      43/50     0.244G     0.1226         16        224: 78% ━━━━━━━━━─── 294/
      43/50     0.244G      0.123         16        224: 79% ━━━━━━━━━╸── 298/
      43/50     0.244G     0.1229         16        224: 80% ━━━━━━━━━╸── 302/
      43/50     0.244G     0.1227         16        224: 82% ━━━━━━━━━╸── 306/
      43/50     0.244G     0.1232         16        224: 83% ━━━━━━━━━╸── 310/
      43/50     0.244G     0.1225         16        224: 84% ━━━━━━━━━━── 314/
      43/50     0.244G     0.1221         16        224: 85% ━━━━━━━━━━── 319/
      43/50     0.244G     0.1221         16        224: 86% ━━━━━━━━━━── 323/
      43/50     0.244G     0.1217         16        224: 87% ━━━━━━━━━━╸─ 327/
      43/50     0.244G     0.1209         16        224: 88% ━━━━━━━━━━╸─ 331/
      43/50     0.244G     0.1211         16        224: 89% ━━━━━━━━━━╸─ 335/
      43/50     0.244G      0.122         16        224: 90% ━━━━━━━━━━╸─ 339/
      43/50     0.244G     0.1224         16        224: 92% ━━━━━━━━━━━─ 344/
      43/50     0.244G     0.1223         16        224: 93% ━━━━━━━━━━━─ 348/
      43/50     0.244G     0.1214         16        224: 94% ━━━━━━━━━━━─ 353/
      43/50     0.244G     0.1215         16        224: 95% ━━━━━━━━━━━╸ 358/
      43/50     0.244G     0.1216         16        224: 97% ━━━━━━━━━━━╸ 363/
      43/50     0.244G     0.1221         16        224: 98% ━━━━━━━━━━━╸ 367/
      43/50     0.244G     0.1224          3        224: 99% ━━━━━━━━━━━╸ 372/
      43/50     0.244G     0.1224          3        224: 100% ━━━━━━━━━━━━ 373/373 40.7it/s 9.2s
               classes   top1_acc   top5_acc: 21% ━━╸───────── 9/42 25.8it/s 0
               classes   top1_acc   top5_acc: 40% ━━━━╸─────── 17/42 42.0it/s 
               classes   top1_acc   top5_acc: 61% ━━━━━━━───── 26/42 54.8it/s 
               classes   top1_acc   top5_acc: 80% ━━━━━━━━━╸── 34/42 61.8it/s 
               classes   top1_acc   top5_acc: 100% ━━━━━━━━━━━━ 42/42 81.9it/s 0.5s
                   all      0.886      0.989

      Epoch    GPU_mem       loss  Instances       Size
      44/50     0.244G     0.1636         16        224: 0% ──────────── 3/373
      44/50     0.244G      0.176         16        224: 1% ──────────── 7/373
      44/50     0.244G     0.1656         16        224: 3% ──────────── 12/37
      44/50     0.244G     0.1485         16        224: 4% ╸─────────── 17/37
      44/50     0.244G     0.1342         16        224: 5% ╸─────────── 21/37
      44/50     0.244G     0.1286         16        224: 6% ╸─────────── 25/37
      44/50     0.244G     0.1207         16        224: 7% ╸─────────── 29/37
      44/50     0.244G     0.1164         16        224: 9% ━─────────── 34/37
      44/50     0.244G     0.1154         16        224: 10% ━─────────── 39/3
      44/50     0.244G     0.1153         16        224: 11% ━─────────── 43/3
      44/50     0.244G     0.1178         16        224: 12% ━╸────────── 47/3
      44/50     0.244G     0.1119         16        224: 13% ━╸────────── 52/3
      44/50     0.244G     0.1201         16        224: 15% ━╸────────── 56/3
      44/50     0.244G     0.1178         16        224: 16% ━╸────────── 61/3
      44/50     0.244G     0.1174         16        224: 17% ━━────────── 65/3
      44/50     0.244G     0.1147         16        224: 18% ━━────────── 70/3
      44/50     0.244G     0.1125         16        224: 20% ━━────────── 75/3
      44/50     0.244G     0.1087         16        224: 21% ━━╸───────── 80/3
      44/50     0.244G     0.1104         16        224: 22% ━━╸───────── 85/3
      44/50     0.244G      0.107         16        224: 24% ━━╸───────── 90/3
      44/50     0.244G     0.1077         16        224: 25% ━━━───────── 94/3
      44/50     0.244G     0.1069         16        224: 26% ━━━───────── 98/3
      44/50     0.244G     0.1048         16        224: 27% ━━━───────── 103/
      44/50     0.244G      0.102         16        224: 28% ━━━───────── 108/
      44/50     0.244G     0.1012         16        224: 30% ━━━╸──────── 112/
      44/50     0.244G      0.101         16        224: 31% ━━━╸──────── 116/
      44/50     0.244G    0.09952         16        224: 32% ━━━╸──────── 121/
      44/50     0.244G     0.1051         16        224: 33% ━━━━──────── 126/
      44/50     0.244G     0.1042         16        224: 34% ━━━━──────── 130/
      44/50     0.244G     0.1051         16        224: 36% ━━━━──────── 135/
      44/50     0.244G      0.104         16        224: 37% ━━━━──────── 139/
      44/50     0.244G     0.1036         16        224: 38% ━━━━╸─────── 144/
      44/50     0.244G     0.1044         16        224: 39% ━━━━╸─────── 148/
      44/50     0.244G     0.1025         16        224: 41% ━━━━╸─────── 153/
      44/50     0.244G     0.1017         16        224: 42% ━━━━━─────── 158/
      44/50     0.244G     0.1023         16        224: 43% ━━━━━─────── 163/
      44/50     0.244G     0.1028         16        224: 45% ━━━━━─────── 168/
      44/50     0.244G     0.1029         16        224: 46% ━━━━━╸────── 173/
      44/50     0.244G     0.1031         16        224: 47% ━━━━━╸────── 178/
      44/50     0.244G     0.1035         16        224: 49% ━━━━━╸────── 183/
      44/50     0.244G     0.1024         16        224: 50% ━━━━━━────── 188/
      44/50     0.244G     0.1016         16        224: 51% ━━━━━━────── 193/
      44/50     0.244G     0.1031         16        224: 53% ━━━━━━────── 198/
      44/50     0.244G     0.1034         16        224: 54% ━━━━━━╸───── 203/
      44/50     0.244G     0.1026         16        224: 55% ━━━━━━╸───── 208/
      44/50     0.244G     0.1031         16        224: 57% ━━━━━━╸───── 213/
      44/50     0.244G     0.1051         16        224: 58% ━━━━━━━───── 218/
      44/50     0.244G     0.1072         16        224: 59% ━━━━━━━───── 223/
      44/50     0.244G     0.1082         16        224: 61% ━━━━━━━───── 228/
      44/50     0.244G     0.1076         16        224: 62% ━━━━━━━───── 233/
      44/50     0.244G     0.1078         16        224: 63% ━━━━━━━╸──── 238/
      44/50     0.244G     0.1066         16        224: 65% ━━━━━━━╸──── 243/
      44/50     0.244G      0.108         16        224: 66% ━━━━━━━╸──── 248/
      44/50     0.244G     0.1086         16        224: 67% ━━━━━━━━──── 253/
      44/50     0.244G     0.1096         16        224: 69% ━━━━━━━━──── 258/
      44/50     0.244G     0.1094         16        224: 70% ━━━━━━━━──── 263/
      44/50     0.244G     0.1103         16        224: 71% ━━━━━━━━╸─── 268/
      44/50     0.244G     0.1097         16        224: 73% ━━━━━━━━╸─── 273/
      44/50     0.244G     0.1093         16        224: 74% ━━━━━━━━╸─── 277/
      44/50     0.244G      0.109         16        224: 75% ━━━━━━━━━─── 282/
      44/50     0.244G     0.1083         16        224: 76% ━━━━━━━━━─── 286/
      44/50     0.244G     0.1082         16        224: 78% ━━━━━━━━━─── 291/
      44/50     0.244G     0.1073         16        224: 79% ━━━━━━━━━─── 295/
      44/50     0.244G     0.1084         16        224: 80% ━━━━━━━━━╸── 300/
      44/50     0.244G     0.1074         16        224: 81% ━━━━━━━━━╸── 305/
      44/50     0.244G     0.1097         16        224: 83% ━━━━━━━━━╸── 310/
      44/50     0.244G     0.1096         16        224: 84% ━━━━━━━━━━── 315/
      44/50     0.244G     0.1094         16        224: 85% ━━━━━━━━━━── 319/
      44/50     0.244G     0.1084         16        224: 86% ━━━━━━━━━━── 324/
      44/50     0.244G     0.1077         16        224: 88% ━━━━━━━━━━╸─ 329/
      44/50     0.244G     0.1079         16        224: 89% ━━━━━━━━━━╸─ 334/
      44/50     0.244G     0.1086         16        224: 90% ━━━━━━━━━━╸─ 339/
      44/50     0.244G     0.1094         16        224: 92% ━━━━━━━━━━━─ 344/
      44/50     0.244G      0.112         16        224: 93% ━━━━━━━━━━━─ 349/
      44/50     0.244G     0.1117         16        224: 94% ━━━━━━━━━━━─ 354/
      44/50     0.244G     0.1114         16        224: 96% ━━━━━━━━━━━╸ 359/
      44/50     0.244G     0.1123         16        224: 97% ━━━━━━━━━━━╸ 364/
      44/50     0.244G      0.113         16        224: 98% ━━━━━━━━━━━╸ 369/
      44/50     0.244G     0.1131          3        224: 100% ━━━━━━━━━━━━ 373/373 41.0it/s 9.1s
               classes   top1_acc   top5_acc: 21% ━━╸───────── 9/42 26.1it/s 0
               classes   top1_acc   top5_acc: 40% ━━━━╸─────── 17/42 40.9it/s 
               classes   top1_acc   top5_acc: 59% ━━━━━━━───── 25/42 51.7it/s 
               classes   top1_acc   top5_acc: 78% ━━━━━━━━━─── 33/42 59.8it/s 
               classes   top1_acc   top5_acc: 97% ━━━━━━━━━━━╸ 41/42 64.0it/s 
               classes   top1_acc   top5_acc: 100% ━━━━━━━━━━━━ 42/42 78.7it/s 0.5s
                   all       0.89      0.989

      Epoch    GPU_mem       loss  Instances       Size
      45/50     0.244G    0.03622         16        224: 1% ──────────── 4/373
      45/50     0.244G    0.07397         16        224: 2% ──────────── 9/373
      45/50     0.244G    0.08179         16        224: 3% ──────────── 13/37
      45/50     0.244G    0.09582         16        224: 4% ╸─────────── 18/37
      45/50     0.244G     0.1067         16        224: 6% ╸─────────── 23/37
      45/50     0.244G     0.1063         16        224: 7% ╸─────────── 28/37
      45/50     0.244G     0.1036         16        224: 8% ━─────────── 33/37
      45/50     0.244G     0.1044         16        224: 10% ━─────────── 38/3
      45/50     0.244G     0.1014         16        224: 11% ━─────────── 42/3
      45/50     0.244G     0.1149         16        224: 12% ━╸────────── 47/3
      45/50     0.244G     0.1118         16        224: 13% ━╸────────── 51/3
      45/50     0.244G     0.1191         16        224: 15% ━╸────────── 56/3
      45/50     0.244G     0.1191         16        224: 16% ━╸────────── 60/3
      45/50     0.244G     0.1234         16        224: 17% ━━────────── 65/3
      45/50     0.244G     0.1309         16        224: 18% ━━────────── 69/3
      45/50     0.244G     0.1291         16        224: 19% ━━────────── 74/3
      45/50     0.244G     0.1321         16        224: 21% ━━╸───────── 79/3
      45/50     0.244G     0.1315         16        224: 22% ━━╸───────── 84/3
      45/50     0.244G     0.1285         16        224: 23% ━━╸───────── 89/3
      45/50     0.244G     0.1257         16        224: 24% ━━╸───────── 93/3
      45/50     0.244G      0.124         16        224: 26% ━━━───────── 98/3
      45/50     0.244G     0.1222         16        224: 27% ━━━───────── 103/
      45/50     0.244G     0.1221         16        224: 28% ━━━───────── 108/
      45/50     0.244G     0.1203         16        224: 30% ━━━╸──────── 113/
      45/50     0.244G     0.1189         16        224: 31% ━━━╸──────── 117/
      45/50     0.244G     0.1178         16        224: 32% ━━━╸──────── 122/
      45/50     0.244G     0.1169         16        224: 34% ━━━━──────── 127/
      45/50     0.244G     0.1146         16        224: 35% ━━━━──────── 131/
      45/50     0.244G      0.114         16        224: 36% ━━━━──────── 135/
      45/50     0.244G     0.1122         16        224: 37% ━━━━╸─────── 140/
      45/50     0.244G     0.1134         16        224: 38% ━━━━╸─────── 144/
      45/50     0.244G     0.1142         16        224: 39% ━━━━╸─────── 149/
      45/50     0.244G     0.1126         16        224: 41% ━━━━╸─────── 153/
      45/50     0.244G     0.1119         16        224: 42% ━━━━━─────── 158/
      45/50     0.244G     0.1102         16        224: 43% ━━━━━─────── 163/
      45/50     0.244G     0.1127         16        224: 44% ━━━━━─────── 167/
      45/50     0.244G     0.1142         16        224: 46% ━━━━━╸────── 172/
      45/50     0.244G     0.1148         16        224: 47% ━━━━━╸────── 176/
      45/50     0.244G     0.1137         16        224: 48% ━━━━━╸────── 180/
      45/50     0.244G     0.1116         16        224: 49% ━━━━━╸────── 184/
      45/50     0.244G     0.1109         16        224: 50% ━━━━━━────── 188/
      45/50     0.244G     0.1101         16        224: 51% ━━━━━━────── 192/
      45/50     0.244G     0.1093         16        224: 52% ━━━━━━────── 196/
      45/50     0.244G     0.1096         16        224: 53% ━━━━━━────── 200/
      45/50     0.244G     0.1081         16        224: 54% ━━━━━━╸───── 204/
      45/50     0.244G     0.1077         16        224: 55% ━━━━━━╸───── 208/
      45/50     0.244G     0.1075         16        224: 56% ━━━━━━╸───── 212/
      45/50     0.244G     0.1092         16        224: 58% ━━━━━━╸───── 217/
      45/50     0.244G     0.1085         16        224: 59% ━━━━━━━───── 221/
      45/50     0.244G     0.1084         16        224: 60% ━━━━━━━───── 226/
      45/50     0.244G     0.1072         16        224: 61% ━━━━━━━───── 231/
      45/50     0.244G     0.1068         16        224: 63% ━━━━━━━╸──── 235/
      45/50     0.244G     0.1062         16        224: 64% ━━━━━━━╸──── 239/
      45/50     0.244G     0.1069         16        224: 65% ━━━━━━━╸──── 244/
      45/50     0.244G     0.1059         16        224: 66% ━━━━━━━━──── 249/
      45/50     0.244G     0.1053         16        224: 67% ━━━━━━━━──── 253/
      45/50     0.244G     0.1053         16        224: 68% ━━━━━━━━──── 257/
      45/50     0.244G     0.1047         16        224: 69% ━━━━━━━━──── 261/
      45/50     0.244G     0.1075         16        224: 71% ━━━━━━━━╸─── 265/
      45/50     0.244G     0.1085         16        224: 72% ━━━━━━━━╸─── 270/
      45/50     0.244G     0.1087         16        224: 73% ━━━━━━━━╸─── 274/
      45/50     0.244G     0.1092         16        224: 74% ━━━━━━━━╸─── 278/
      45/50     0.244G     0.1081         16        224: 75% ━━━━━━━━━─── 283/
      45/50     0.244G     0.1095         16        224: 77% ━━━━━━━━━─── 288/
      45/50     0.244G     0.1088         16        224: 78% ━━━━━━━━━─── 293/
      45/50     0.244G     0.1108         16        224: 79% ━━━━━━━━━╸── 297/
      45/50     0.244G     0.1099         16        224: 80% ━━━━━━━━━╸── 302/
      45/50     0.244G     0.1119         16        224: 82% ━━━━━━━━━╸── 307/
      45/50     0.244G     0.1137         16        224: 83% ━━━━━━━━━━── 312/
      45/50     0.244G     0.1135         16        224: 84% ━━━━━━━━━━── 317/
      45/50     0.244G     0.1127         16        224: 86% ━━━━━━━━━━── 322/
      45/50     0.244G     0.1123         16        224: 87% ━━━━━━━━━━╸─ 327/
      45/50     0.244G     0.1119         16        224: 89% ━━━━━━━━━━╸─ 332/
      45/50     0.244G     0.1109         16        224: 90% ━━━━━━━━━━╸─ 337/
      45/50     0.244G     0.1108         16        224: 91% ━━━━━━━━━━━─ 342/
      45/50     0.244G      0.111         16        224: 92% ━━━━━━━━━━━─ 346/
      45/50     0.244G     0.1106         16        224: 93% ━━━━━━━━━━━─ 350/
      45/50     0.244G     0.1107         16        224: 94% ━━━━━━━━━━━─ 354/
      45/50     0.244G      0.112         16        224: 95% ━━━━━━━━━━━╸ 358/
      45/50     0.244G     0.1123         16        224: 97% ━━━━━━━━━━━╸ 362/
      45/50     0.244G     0.1135         16        224: 98% ━━━━━━━━━━━╸ 366/
      45/50     0.244G     0.1132         16        224: 99% ━━━━━━━━━━━╸ 370/
      45/50     0.244G     0.1153          3        224: 100% ━━━━━━━━━━━━ 373/373 40.0it/s 9.3s
               classes   top1_acc   top5_acc: 21% ━━╸───────── 9/42 24.4it/s 0
               classes   top1_acc   top5_acc: 42% ━━━━━─────── 18/42 43.1it/s 
               classes   top1_acc   top5_acc: 64% ━━━━━━━╸──── 27/42 57.1it/s 
               classes   top1_acc   top5_acc: 85% ━━━━━━━━━━── 36/42 65.0it/s 
               classes   top1_acc   top5_acc: 100% ━━━━━━━━━━━━ 42/42 86.9it/s 0.5s
                   all      0.884      0.987

      Epoch    GPU_mem       loss  Instances       Size
      46/50     0.244G     0.1651         16        224: 0% ──────────── 3/373
      46/50     0.244G     0.1592         16        224: 1% ──────────── 7/373
      46/50     0.244G      0.136         16        224: 2% ──────────── 11/37
      46/50     0.244G     0.1176         16        224: 4% ╸─────────── 16/37
      46/50     0.244G     0.1217         16        224: 5% ╸─────────── 21/37
      46/50     0.244G     0.1116         16        224: 6% ╸─────────── 26/37
      46/50     0.244G     0.1055         16        224: 8% ╸─────────── 31/37
      46/50     0.244G     0.1125         16        224: 9% ━─────────── 36/37
      46/50     0.244G     0.1029         16        224: 10% ━─────────── 41/3
      46/50     0.244G     0.1029         16        224: 12% ━─────────── 46/3
      46/50     0.244G    0.09502         16        224: 13% ━╸────────── 51/3
      46/50     0.244G    0.09246         16        224: 15% ━╸────────── 56/3
      46/50     0.244G    0.08851         16        224: 16% ━╸────────── 61/3
      46/50     0.244G    0.08563         16        224: 17% ━━────────── 65/3
      46/50     0.244G    0.08855         16        224: 18% ━━────────── 69/3
      46/50     0.244G    0.09205         16        224: 19% ━━────────── 74/3
      46/50     0.244G    0.09169         16        224: 21% ━━╸───────── 79/3
      46/50     0.244G    0.09599         16        224: 22% ━━╸───────── 84/3
      46/50     0.244G    0.09757         16        224: 23% ━━╸───────── 89/3
      46/50     0.244G     0.0985         16        224: 25% ━━━───────── 94/3
      46/50     0.244G    0.09951         16        224: 26% ━━━───────── 99/3
      46/50     0.244G     0.1033         16        224: 27% ━━━───────── 104/
      46/50     0.244G     0.1036         16        224: 29% ━━━╸──────── 109/
      46/50     0.244G     0.1023         16        224: 30% ━━━╸──────── 114/
      46/50     0.244G    0.09968         16        224: 31% ━━━╸──────── 119/
      46/50     0.244G    0.09989         16        224: 33% ━━━╸──────── 124/
      46/50     0.244G     0.1006         16        224: 34% ━━━━──────── 128/
      46/50     0.244G     0.1007         16        224: 35% ━━━━──────── 132/
      46/50     0.244G     0.1003         16        224: 36% ━━━━──────── 136/
      46/50     0.244G    0.09953         16        224: 37% ━━━━╸─────── 140/
      46/50     0.244G    0.09905         16        224: 38% ━━━━╸─────── 145/
      46/50     0.244G     0.1046         16        224: 39% ━━━━╸─────── 149/
      46/50     0.244G     0.1058         16        224: 41% ━━━━╸─────── 154/
      46/50     0.244G     0.1075         16        224: 42% ━━━━━─────── 159/
      46/50     0.244G     0.1089         16        224: 43% ━━━━━─────── 163/
      46/50     0.244G     0.1089         16        224: 44% ━━━━━─────── 167/
      46/50     0.244G     0.1067         16        224: 46% ━━━━━╸────── 172/
      46/50     0.244G     0.1062         16        224: 47% ━━━━━╸────── 176/
      46/50     0.244G     0.1063         16        224: 48% ━━━━━╸────── 181/
      46/50     0.244G     0.1053         16        224: 49% ━━━━━╸────── 185/
      46/50     0.244G     0.1072         16        224: 50% ━━━━━━────── 190/
      46/50     0.244G      0.106         16        224: 52% ━━━━━━────── 194/
      46/50     0.244G     0.1067         16        224: 53% ━━━━━━────── 199/
      46/50     0.244G     0.1055         16        224: 54% ━━━━━━╸───── 204/
      46/50     0.244G     0.1045         16        224: 56% ━━━━━━╸───── 209/
      46/50     0.244G     0.1059         16        224: 57% ━━━━━━╸───── 214/
      46/50     0.244G     0.1059         16        224: 58% ━━━━━━━───── 218/
      46/50     0.244G     0.1063         16        224: 59% ━━━━━━━───── 223/
      46/50     0.244G     0.1055         16        224: 61% ━━━━━━━───── 228/
      46/50     0.244G     0.1042         16        224: 62% ━━━━━━━───── 233/
      46/50     0.244G     0.1033         16        224: 63% ━━━━━━━╸──── 237/
      46/50     0.244G     0.1027         16        224: 64% ━━━━━━━╸──── 242/
      46/50     0.244G     0.1026         16        224: 66% ━━━━━━━╸──── 247/
      46/50     0.244G     0.1029         16        224: 67% ━━━━━━━━──── 252/
      46/50     0.244G     0.1027         16        224: 68% ━━━━━━━━──── 257/
      46/50     0.244G     0.1022         16        224: 70% ━━━━━━━━──── 262/
      46/50     0.244G     0.1021         16        224: 71% ━━━━━━━━╸─── 267/
      46/50     0.244G     0.1009         16        224: 72% ━━━━━━━━╸─── 272/
      46/50     0.244G     0.1012         16        224: 74% ━━━━━━━━╸─── 277/
      46/50     0.244G     0.1007         16        224: 75% ━━━━━━━━━─── 282/
      46/50     0.244G     0.1007         16        224: 76% ━━━━━━━━━─── 287/
      46/50     0.244G      0.101         16        224: 78% ━━━━━━━━━─── 291/
      46/50     0.244G     0.1008         16        224: 79% ━━━━━━━━━─── 295/
      46/50     0.244G     0.1012         16        224: 80% ━━━━━━━━━╸── 299/
      46/50     0.244G      0.101         16        224: 81% ━━━━━━━━━╸── 304/
      46/50     0.244G     0.1004         16        224: 82% ━━━━━━━━━╸── 308/
      46/50     0.244G        0.1         16        224: 83% ━━━━━━━━━━── 313/
      46/50     0.244G     0.1013         16        224: 85% ━━━━━━━━━━── 318/
      46/50     0.244G     0.1018         16        224: 86% ━━━━━━━━━━── 322/
      46/50     0.244G     0.1021         16        224: 87% ━━━━━━━━━━╸─ 327/
      46/50     0.244G     0.1025         16        224: 88% ━━━━━━━━━━╸─ 331/
      46/50     0.244G     0.1021         16        224: 90% ━━━━━━━━━━╸─ 336/
      46/50     0.244G     0.1025         16        224: 91% ━━━━━━━━━━╸─ 340/
      46/50     0.244G      0.102         16        224: 92% ━━━━━━━━━━━─ 344/
      46/50     0.244G      0.103         16        224: 93% ━━━━━━━━━━━─ 349/
      46/50     0.244G     0.1024         16        224: 94% ━━━━━━━━━━━─ 353/
      46/50     0.244G      0.102         16        224: 95% ━━━━━━━━━━━─ 357/
      46/50     0.244G     0.1022         16        224: 96% ━━━━━━━━━━━╸ 361/
      46/50     0.244G     0.1015         16        224: 97% ━━━━━━━━━━━╸ 365/
      46/50     0.244G     0.1024         16        224: 98% ━━━━━━━━━━━╸ 369/
      46/50     0.244G      0.108          3        224: 100% ━━━━━━━━━━━━ 373/373 40.4it/s 9.2s
               classes   top1_acc   top5_acc: 21% ━━╸───────── 9/42 25.4it/s 0
               classes   top1_acc   top5_acc: 40% ━━━━╸─────── 17/42 41.2it/s 
               classes   top1_acc   top5_acc: 59% ━━━━━━━───── 25/42 51.6it/s 
               classes   top1_acc   top5_acc: 78% ━━━━━━━━━─── 33/42 58.8it/s 
               classes   top1_acc   top5_acc: 100% ━━━━━━━━━━━━ 42/42 79.7it/s 0.5s
                   all       0.88      0.989

      Epoch    GPU_mem       loss  Instances       Size
      47/50     0.244G    0.02064         16        224: 1% ──────────── 4/373
      47/50     0.244G    0.06746         16        224: 2% ──────────── 8/373
      47/50     0.244G    0.06893         16        224: 3% ──────────── 12/37
      47/50     0.244G    0.07739         16        224: 4% ╸─────────── 16/37
      47/50     0.244G    0.09688         16        224: 5% ╸─────────── 20/37
      47/50     0.244G    0.09783         16        224: 6% ╸─────────── 24/37
      47/50     0.244G    0.09277         16        224: 7% ╸─────────── 28/37
      47/50     0.244G    0.09151         16        224: 8% ━─────────── 32/37
      47/50     0.244G     0.1157         16        224: 9% ━─────────── 36/37
      47/50     0.244G     0.1135         16        224: 10% ━─────────── 40/3
      47/50     0.244G     0.1116         16        224: 11% ━─────────── 44/3
      47/50     0.244G      0.109         16        224: 13% ━╸────────── 49/3
      47/50     0.244G     0.1043         16        224: 14% ━╸────────── 53/3
      47/50     0.244G     0.1099         16        224: 15% ━╸────────── 57/3
      47/50     0.244G      0.108         16        224: 16% ━╸────────── 62/3
      47/50     0.244G      0.111         16        224: 17% ━━────────── 67/3
      47/50     0.244G     0.1129         16        224: 19% ━━────────── 71/3
      47/50     0.244G     0.1117         16        224: 20% ━━────────── 75/3
      47/50     0.244G      0.109         16        224: 21% ━━╸───────── 79/3
      47/50     0.244G     0.1091         16        224: 22% ━━╸───────── 83/3
      47/50     0.244G     0.1058         16        224: 23% ━━╸───────── 87/3
      47/50     0.244G      0.105         16        224: 24% ━━╸───────── 92/3
      47/50     0.244G     0.1062         16        224: 26% ━━━───────── 97/3
      47/50     0.244G     0.1033         16        224: 27% ━━━───────── 101/
      47/50     0.244G     0.1011         16        224: 28% ━━━───────── 105/
      47/50     0.244G     0.1042         16        224: 29% ━━━╸──────── 109/
      47/50     0.244G     0.1041         16        224: 30% ━━━╸──────── 113/
      47/50     0.244G     0.1039         16        224: 31% ━━━╸──────── 118/
      47/50     0.244G     0.1073         16        224: 32% ━━━╸──────── 123/
      47/50     0.244G     0.1049         16        224: 34% ━━━━──────── 127/
      47/50     0.244G     0.1052         16        224: 35% ━━━━──────── 131/
      47/50     0.244G      0.106         16        224: 36% ━━━━──────── 135/
      47/50     0.244G     0.1059         16        224: 37% ━━━━╸─────── 140/
      47/50     0.244G     0.1063         16        224: 38% ━━━━╸─────── 145/
      47/50     0.244G     0.1065         16        224: 40% ━━━━╸─────── 150/
      47/50     0.244G     0.1091         16        224: 41% ━━━━╸─────── 154/
      47/50     0.244G     0.1073         16        224: 42% ━━━━━─────── 159/
      47/50     0.244G     0.1068         16        224: 43% ━━━━━─────── 164/
      47/50     0.244G     0.1055         16        224: 45% ━━━━━─────── 168/
      47/50     0.244G     0.1063         16        224: 46% ━━━━━╸────── 173/
      47/50     0.244G     0.1063         16        224: 47% ━━━━━╸────── 178/
      47/50     0.244G     0.1075         16        224: 49% ━━━━━╸────── 183/
      47/50     0.244G     0.1065         16        224: 50% ━━━━━━────── 187/
      47/50     0.244G     0.1075         16        224: 51% ━━━━━━────── 191/
      47/50     0.244G     0.1065         16        224: 52% ━━━━━━────── 196/
      47/50     0.244G     0.1066         16        224: 53% ━━━━━━────── 201/
      47/50     0.244G     0.1066         16        224: 55% ━━━━━━╸───── 206/
      47/50     0.244G     0.1057         16        224: 56% ━━━━━━╸───── 211/
      47/50     0.244G     0.1048         16        224: 57% ━━━━━━╸───── 215/
      47/50     0.244G      0.105         16        224: 58% ━━━━━━━───── 220/
      47/50     0.244G     0.1048         16        224: 60% ━━━━━━━───── 225/
      47/50     0.244G     0.1053         16        224: 61% ━━━━━━━───── 229/
      47/50     0.244G     0.1065         16        224: 62% ━━━━━━━╸──── 234/
      47/50     0.244G     0.1076         16        224: 64% ━━━━━━━╸──── 239/
      47/50     0.244G     0.1074         16        224: 65% ━━━━━━━╸──── 243/
      47/50     0.244G     0.1078         16        224: 66% ━━━━━━━╸──── 247/
      47/50     0.244G     0.1081         16        224: 67% ━━━━━━━━──── 251/
      47/50     0.244G     0.1081         16        224: 68% ━━━━━━━━──── 256/
      47/50     0.244G     0.1094         16        224: 69% ━━━━━━━━──── 261/
      47/50     0.244G     0.1089         16        224: 71% ━━━━━━━━╸─── 266/
      47/50     0.244G     0.1103         16        224: 72% ━━━━━━━━╸─── 271/
      47/50     0.244G     0.1095         16        224: 73% ━━━━━━━━╸─── 276/
      47/50     0.244G     0.1092         16        224: 75% ━━━━━━━━━─── 281/
      47/50     0.244G       0.11         16        224: 76% ━━━━━━━━━─── 286/
      47/50     0.244G     0.1097         16        224: 78% ━━━━━━━━━─── 291/
      47/50     0.244G     0.1093         16        224: 79% ━━━━━━━━━╸── 296/
      47/50     0.244G     0.1084         16        224: 80% ━━━━━━━━━╸── 300/
      47/50     0.244G     0.1087         16        224: 81% ━━━━━━━━━╸── 304/
      47/50     0.244G     0.1083         16        224: 82% ━━━━━━━━━╸── 308/
      47/50     0.244G      0.108         16        224: 83% ━━━━━━━━━━── 313/
      47/50     0.244G     0.1088         16        224: 84% ━━━━━━━━━━── 317/
      47/50     0.244G     0.1092         16        224: 86% ━━━━━━━━━━── 322/
      47/50     0.244G     0.1091         16        224: 87% ━━━━━━━━━━── 326/
      47/50     0.244G     0.1092         16        224: 88% ━━━━━━━━━━╸─ 331/
      47/50     0.244G     0.1102         16        224: 89% ━━━━━━━━━━╸─ 335/
      47/50     0.244G     0.1092         16        224: 90% ━━━━━━━━━━╸─ 339/
      47/50     0.244G     0.1095         16        224: 92% ━━━━━━━━━━━─ 344/
      47/50     0.244G     0.1089         16        224: 93% ━━━━━━━━━━━─ 349/
      47/50     0.244G     0.1083         16        224: 94% ━━━━━━━━━━━─ 354/
      47/50     0.244G     0.1079         16        224: 96% ━━━━━━━━━━━╸ 359/
      47/50     0.244G     0.1079         16        224: 97% ━━━━━━━━━━━╸ 364/
      47/50     0.244G     0.1088         16        224: 98% ━━━━━━━━━━━╸ 369/
      47/50     0.244G     0.1089          3        224: 100% ━━━━━━━━━━━━ 373/373 40.1it/s 9.3s
               classes   top1_acc   top5_acc: 26% ━━━───────── 11/42 30.5it/s 
               classes   top1_acc   top5_acc: 47% ━━━━━╸────── 20/42 47.7it/s 
               classes   top1_acc   top5_acc: 66% ━━━━━━━━──── 28/42 56.0it/s 
               classes   top1_acc   top5_acc: 85% ━━━━━━━━━━── 36/42 61.5it/s 
               classes   top1_acc   top5_acc: 100% ━━━━━━━━━━━━ 42/42 84.6it/s 0.5s
                   all      0.886      0.989

      Epoch    GPU_mem       loss  Instances       Size
      48/50     0.244G     0.0858         16        224: 1% ──────────── 4/373
      48/50     0.244G    0.09667         16        224: 2% ──────────── 9/373
      48/50     0.244G    0.08781         16        224: 3% ──────────── 13/37
      48/50     0.244G      0.085         16        224: 4% ╸─────────── 18/37
      48/50     0.244G    0.08282         16        224: 5% ╸─────────── 22/37
      48/50     0.244G     0.1056         16        224: 7% ╸─────────── 27/37
      48/50     0.244G     0.1122         16        224: 8% ━─────────── 32/37
      48/50     0.244G     0.1153         16        224: 9% ━─────────── 37/37
      48/50     0.244G     0.1096         16        224: 11% ━─────────── 42/3
      48/50     0.244G     0.1052         16        224: 12% ━╸────────── 47/3
      48/50     0.244G     0.1024         16        224: 13% ━╸────────── 52/3
      48/50     0.244G    0.09661         16        224: 15% ━╸────────── 57/3
      48/50     0.244G    0.09925         16        224: 16% ━╸────────── 62/3
      48/50     0.244G    0.09817         16        224: 17% ━━────────── 67/3
      48/50     0.244G    0.09442         16        224: 19% ━━────────── 72/3
      48/50     0.244G     0.1002         16        224: 20% ━━────────── 77/3
      48/50     0.244G     0.1011         16        224: 21% ━━╸───────── 82/3
      48/50     0.244G    0.09911         16        224: 23% ━━╸───────── 86/3
      48/50     0.244G    0.09704         16        224: 24% ━━╸───────── 91/3
      48/50     0.244G    0.09896         16        224: 25% ━━━───────── 96/3
      48/50     0.244G    0.09757         16        224: 27% ━━━───────── 101/
      48/50     0.244G    0.09589         16        224: 28% ━━━───────── 106/
      48/50     0.244G    0.09474         16        224: 29% ━━━╸──────── 111/
      48/50     0.244G    0.09315         16        224: 31% ━━━╸──────── 116/
      48/50     0.244G    0.09524         16        224: 32% ━━━╸──────── 121/
      48/50     0.244G     0.0949         16        224: 33% ━━━━──────── 126/
      48/50     0.244G    0.09622         16        224: 35% ━━━━──────── 131/
      48/50     0.244G    0.09537         16        224: 36% ━━━━──────── 135/
      48/50     0.244G     0.0938         16        224: 37% ━━━━╸─────── 140/
      48/50     0.244G    0.09347         16        224: 38% ━━━━╸─────── 144/
      48/50     0.244G     0.0966         16        224: 39% ━━━━╸─────── 149/
      48/50     0.244G    0.09677         16        224: 41% ━━━━╸─────── 154/
      48/50     0.244G    0.09552         16        224: 42% ━━━━━─────── 159/
      48/50     0.244G    0.09536         16        224: 43% ━━━━━─────── 163/
      48/50     0.244G    0.09472         16        224: 45% ━━━━━─────── 168/
      48/50     0.244G    0.09653         16        224: 46% ━━━━━╸────── 172/
      48/50     0.244G    0.09635         16        224: 47% ━━━━━╸────── 176/
      48/50     0.244G    0.09586         16        224: 48% ━━━━━╸────── 181/
      48/50     0.244G     0.0953         16        224: 49% ━━━━━╸────── 185/
      48/50     0.244G    0.09487         16        224: 50% ━━━━━━────── 190/
      48/50     0.244G    0.09704         16        224: 52% ━━━━━━────── 195/
      48/50     0.244G    0.09786         16        224: 53% ━━━━━━────── 200/
      48/50     0.244G    0.09704         16        224: 54% ━━━━━━╸───── 205/
      48/50     0.244G    0.09682         16        224: 56% ━━━━━━╸───── 210/
      48/50     0.244G     0.0957         16        224: 57% ━━━━━━╸───── 215/
      48/50     0.244G    0.09498         16        224: 58% ━━━━━━━───── 220/
      48/50     0.244G    0.09571         16        224: 60% ━━━━━━━───── 224/
      48/50     0.244G    0.09682         16        224: 61% ━━━━━━━───── 229/
      48/50     0.244G    0.09675         16        224: 62% ━━━━━━━───── 233/
      48/50     0.244G    0.09711         16        224: 63% ━━━━━━━╸──── 237/
      48/50     0.244G    0.09687         16        224: 64% ━━━━━━━╸──── 241/
      48/50     0.244G    0.09758         16        224: 65% ━━━━━━━╸──── 245/
      48/50     0.244G    0.09842         16        224: 66% ━━━━━━━━──── 249/
      48/50     0.244G    0.09872         16        224: 68% ━━━━━━━━──── 254/
      48/50     0.244G    0.09848         16        224: 69% ━━━━━━━━──── 259/
      48/50     0.244G    0.09796         16        224: 70% ━━━━━━━━──── 263/
      48/50     0.244G    0.09817         16        224: 71% ━━━━━━━━╸─── 268/
      48/50     0.244G    0.09948         16        224: 73% ━━━━━━━━╸─── 273/
      48/50     0.244G     0.1011         16        224: 74% ━━━━━━━━╸─── 277/
      48/50     0.244G      0.102         16        224: 75% ━━━━━━━━━─── 281/
      48/50     0.244G     0.1019         16        224: 76% ━━━━━━━━━─── 285/
      48/50     0.244G     0.1023         16        224: 77% ━━━━━━━━━─── 289/
      48/50     0.244G     0.1018         16        224: 78% ━━━━━━━━━─── 293/
      48/50     0.244G     0.1011         16        224: 79% ━━━━━━━━━╸── 298/
      48/50     0.244G     0.1008         16        224: 80% ━━━━━━━━━╸── 302/
      48/50     0.244G     0.1009         16        224: 82% ━━━━━━━━━╸── 307/
      48/50     0.244G     0.1016         16        224: 83% ━━━━━━━━━━── 311/
      48/50     0.244G     0.1034         16        224: 84% ━━━━━━━━━━── 315/
      48/50     0.244G     0.1042         16        224: 85% ━━━━━━━━━━── 319/
      48/50     0.244G     0.1049         16        224: 86% ━━━━━━━━━━── 323/
      48/50     0.244G     0.1055         16        224: 87% ━━━━━━━━━━╸─ 327/
      48/50     0.244G     0.1051         16        224: 88% ━━━━━━━━━━╸─ 331/
      48/50     0.244G     0.1063         16        224: 89% ━━━━━━━━━━╸─ 335/
      48/50     0.244G     0.1064         16        224: 90% ━━━━━━━━━━╸─ 339/
      48/50     0.244G     0.1066         16        224: 91% ━━━━━━━━━━━─ 343/
      48/50     0.244G     0.1065         16        224: 93% ━━━━━━━━━━━─ 347/
      48/50     0.244G     0.1066         16        224: 94% ━━━━━━━━━━━─ 351/
      48/50     0.244G     0.1067         16        224: 95% ━━━━━━━━━━━─ 355/
      48/50     0.244G     0.1074         16        224: 96% ━━━━━━━━━━━╸ 360/
      48/50     0.244G     0.1068         16        224: 97% ━━━━━━━━━━━╸ 365/
      48/50     0.244G     0.1063         16        224: 99% ━━━━━━━━━━━╸ 370/
      48/50     0.244G     0.1082          3        224: 100% ━━━━━━━━━━━━ 373/373 40.3it/s 9.3s
               classes   top1_acc   top5_acc: 23% ━━╸───────── 10/42 26.3it/s 
               classes   top1_acc   top5_acc: 42% ━━━━━─────── 18/42 41.0it/s 
               classes   top1_acc   top5_acc: 61% ━━━━━━━───── 26/42 52.6it/s 
               classes   top1_acc   top5_acc: 80% ━━━━━━━━━╸── 34/42 58.8it/s 
               classes   top1_acc   top5_acc: 100% ━━━━━━━━━━━━ 42/42 78.7it/s 0.5s
                   all      0.887      0.987

      Epoch    GPU_mem       loss  Instances       Size
      49/50     0.244G      0.137         16        224: 1% ──────────── 4/373
      49/50     0.244G       0.13         16        224: 2% ──────────── 9/373
      49/50     0.244G     0.1584         16        224: 3% ──────────── 13/37
      49/50     0.244G      0.141         16        224: 4% ╸─────────── 18/37
      49/50     0.244G      0.129         16        224: 5% ╸─────────── 22/37
      49/50     0.244G     0.1217         16        224: 7% ╸─────────── 27/37
      49/50     0.244G     0.1384         16        224: 8% ╸─────────── 31/37
      49/50     0.244G     0.1465         16        224: 9% ━─────────── 36/37
      49/50     0.244G     0.1355         16        224: 10% ━─────────── 41/3
      49/50     0.244G     0.1321         16        224: 12% ━─────────── 46/3
      49/50     0.244G     0.1295         16        224: 13% ━╸────────── 51/3
      49/50     0.244G     0.1297         16        224: 15% ━╸────────── 56/3
      49/50     0.244G     0.1212         16        224: 16% ━╸────────── 61/3
      49/50     0.244G     0.1203         16        224: 17% ━━────────── 66/3
      49/50     0.244G     0.1186         16        224: 19% ━━────────── 71/3
      49/50     0.244G     0.1174         16        224: 20% ━━────────── 76/3
      49/50     0.244G     0.1165         16        224: 21% ━━╸───────── 81/3
      49/50     0.244G     0.1186         16        224: 23% ━━╸───────── 86/3
      49/50     0.244G     0.1151         16        224: 24% ━━╸───────── 91/3
      49/50     0.244G     0.1152         16        224: 25% ━━━───────── 95/3
      49/50     0.244G     0.1168         16        224: 26% ━━━───────── 99/3
      49/50     0.244G      0.116         16        224: 27% ━━━───────── 103/
      49/50     0.244G     0.1134         16        224: 28% ━━━───────── 108/
      49/50     0.244G     0.1135         16        224: 30% ━━━╸──────── 113/
      49/50     0.244G     0.1138         16        224: 31% ━━━╸──────── 118/
      49/50     0.244G     0.1124         16        224: 32% ━━━╸──────── 122/
      49/50     0.244G     0.1139         16        224: 34% ━━━━──────── 127/
      49/50     0.244G     0.1118         16        224: 35% ━━━━──────── 132/
      49/50     0.244G     0.1141         16        224: 36% ━━━━──────── 137/
      49/50     0.244G     0.1131         16        224: 38% ━━━━╸─────── 142/
      49/50     0.244G      0.116         16        224: 39% ━━━━╸─────── 147/
      49/50     0.244G     0.1152         16        224: 40% ━━━━╸─────── 152/
      49/50     0.244G     0.1163         16        224: 42% ━━━━━─────── 157/
      49/50     0.244G     0.1169         16        224: 43% ━━━━━─────── 162/
      49/50     0.244G     0.1169         16        224: 44% ━━━━━─────── 167/
      49/50     0.244G     0.1154         16        224: 46% ━━━━━╸────── 172/
      49/50     0.244G     0.1166         16        224: 47% ━━━━━╸────── 177/
      49/50     0.244G     0.1157         16        224: 48% ━━━━━╸────── 182/
      49/50     0.244G     0.1152         16        224: 50% ━━━━━━────── 187/
      49/50     0.244G     0.1155         16        224: 51% ━━━━━━────── 191/
      49/50     0.244G     0.1179         16        224: 52% ━━━━━━────── 196/
      49/50     0.244G     0.1182         16        224: 53% ━━━━━━────── 200/
      49/50     0.244G     0.1184         16        224: 54% ━━━━━━╸───── 205/
      49/50     0.244G     0.1167         16        224: 56% ━━━━━━╸───── 210/
      49/50     0.244G     0.1162         16        224: 57% ━━━━━━╸───── 215/
      49/50     0.244G     0.1155         16        224: 58% ━━━━━━━───── 220/
      49/50     0.244G     0.1147         16        224: 60% ━━━━━━━───── 224/
      49/50     0.244G     0.1167         16        224: 61% ━━━━━━━───── 229/
      49/50     0.244G     0.1169         16        224: 62% ━━━━━━━───── 232/
      49/50     0.244G     0.1155         16        224: 63% ━━━━━━━╸──── 237/
      49/50     0.244G     0.1167         16        224: 64% ━━━━━━━╸──── 242/
      49/50     0.244G     0.1173         16        224: 66% ━━━━━━━╸──── 247/
      49/50     0.244G     0.1169         16        224: 67% ━━━━━━━━──── 252/
      49/50     0.244G     0.1159         16        224: 68% ━━━━━━━━──── 256/
      49/50     0.244G     0.1158         16        224: 69% ━━━━━━━━──── 260/
      49/50     0.244G     0.1163         16        224: 71% ━━━━━━━━╸─── 265/
      49/50     0.244G     0.1152         16        224: 72% ━━━━━━━━╸─── 269/
      49/50     0.244G     0.1151         16        224: 73% ━━━━━━━━╸─── 273/
      49/50     0.244G     0.1151         16        224: 74% ━━━━━━━━╸─── 277/
      49/50     0.244G     0.1148         16        224: 75% ━━━━━━━━━─── 281/
      49/50     0.244G     0.1162         16        224: 76% ━━━━━━━━━─── 285/
      49/50     0.244G     0.1163         16        224: 77% ━━━━━━━━━─── 290/
      49/50     0.244G     0.1174         16        224: 78% ━━━━━━━━━─── 294/
      49/50     0.244G     0.1185         16        224: 80% ━━━━━━━━━╸── 299/
      49/50     0.244G     0.1196         16        224: 81% ━━━━━━━━━╸── 304/
      49/50     0.244G     0.1187         16        224: 82% ━━━━━━━━━╸── 308/
      49/50     0.244G     0.1175         16        224: 83% ━━━━━━━━━━── 313/
      49/50     0.244G     0.1171         16        224: 85% ━━━━━━━━━━── 318/
      49/50     0.244G     0.1166         16        224: 86% ━━━━━━━━━━── 323/
      49/50     0.244G     0.1166         16        224: 87% ━━━━━━━━━━╸─ 328/
      49/50     0.244G     0.1179         16        224: 89% ━━━━━━━━━━╸─ 333/
      49/50     0.244G     0.1175         16        224: 90% ━━━━━━━━━━╸─ 338/
      49/50     0.244G     0.1162         16        224: 91% ━━━━━━━━━━━─ 343/
      49/50     0.244G     0.1156         16        224: 93% ━━━━━━━━━━━─ 347/
      49/50     0.244G     0.1159         16        224: 94% ━━━━━━━━━━━─ 351/
      49/50     0.244G     0.1159         16        224: 95% ━━━━━━━━━━━─ 355/
      49/50     0.244G     0.1163         16        224: 96% ━━━━━━━━━━━╸ 360/
      49/50     0.244G     0.1159         16        224: 97% ━━━━━━━━━━━╸ 365/
      49/50     0.244G     0.1151         16        224: 98% ━━━━━━━━━━━╸ 369/
      49/50     0.244G     0.1154          3        224: 100% ━━━━━━━━━━━━ 373/373 40.3it/s 9.3s
               classes   top1_acc   top5_acc: 21% ━━╸───────── 9/42 25.4it/s 0
               classes   top1_acc   top5_acc: 40% ━━━━╸─────── 17/42 39.4it/s 
               classes   top1_acc   top5_acc: 59% ━━━━━━━───── 25/42 50.6it/s 
               classes   top1_acc   top5_acc: 78% ━━━━━━━━━─── 33/42 58.9it/s 
               classes   top1_acc   top5_acc: 100% ━━━━━━━━━━━━ 42/42 79.7it/s 0.5s
                   all      0.888      0.988

      Epoch    GPU_mem       loss  Instances       Size
      50/50     0.244G    0.09423         16        224: 1% ──────────── 4/373
      50/50     0.244G    0.07981         16        224: 2% ──────────── 9/373
      50/50     0.244G    0.07879         16        224: 3% ──────────── 14/37
      50/50     0.244G    0.07915         16        224: 4% ╸─────────── 18/37
      50/50     0.244G    0.08689         16        224: 6% ╸─────────── 23/37
      50/50     0.244G    0.08615         16        224: 7% ╸─────────── 27/37
      50/50     0.244G    0.09581         16        224: 8% ━─────────── 32/37
      50/50     0.244G    0.08718         16        224: 9% ━─────────── 37/37
      50/50     0.244G    0.09485         16        224: 11% ━─────────── 42/3
      50/50     0.244G    0.09488         16        224: 12% ━╸────────── 47/3
      50/50     0.244G     0.1086         16        224: 13% ━╸────────── 51/3
      50/50     0.244G     0.1071         16        224: 15% ━╸────────── 56/3
      50/50     0.244G     0.1058         16        224: 16% ━╸────────── 61/3
      50/50     0.244G     0.1084         16        224: 17% ━━────────── 66/3
      50/50     0.244G      0.105         16        224: 19% ━━────────── 71/3
      50/50     0.244G     0.1023         16        224: 20% ━━────────── 76/3
      50/50     0.244G     0.1053         16        224: 21% ━━╸───────── 80/3
      50/50     0.244G     0.1026         16        224: 22% ━━╸───────── 85/3
      50/50     0.244G     0.1063         16        224: 24% ━━╸───────── 90/3
      50/50     0.244G       0.11         16        224: 25% ━━━───────── 95/3
      50/50     0.244G     0.1096         16        224: 26% ━━━───────── 100/
      50/50     0.244G     0.1073         16        224: 28% ━━━───────── 105/
      50/50     0.244G     0.1059         16        224: 29% ━━━╸──────── 110/
      50/50     0.244G     0.1068         16        224: 30% ━━━╸──────── 115/
      50/50     0.244G     0.1079         16        224: 32% ━━━╸──────── 120/
      50/50     0.244G      0.107         16        224: 33% ━━━━──────── 125/
      50/50     0.244G     0.1062         16        224: 34% ━━━━──────── 129/
      50/50     0.244G      0.106         16        224: 35% ━━━━──────── 134/
      50/50     0.244G     0.1033         16        224: 37% ━━━━──────── 139/
      50/50     0.244G      0.102         16        224: 38% ━━━━╸─────── 144/
      50/50     0.244G      0.103         16        224: 39% ━━━━╸─────── 148/
      50/50     0.244G     0.1013         16        224: 41% ━━━━╸─────── 153/
      50/50     0.244G     0.1008         16        224: 42% ━━━━━─────── 158/
      50/50     0.244G    0.09986         16        224: 43% ━━━━━─────── 162/
      50/50     0.244G     0.1003         16        224: 44% ━━━━━─────── 167/
      50/50     0.244G    0.09884         16        224: 45% ━━━━━╸────── 171/
      50/50     0.244G    0.09909         16        224: 47% ━━━━━╸────── 176/
      50/50     0.244G    0.09826         16        224: 48% ━━━━━╸────── 180/
      50/50     0.244G    0.09763         16        224: 49% ━━━━━╸────── 185/
      50/50     0.244G    0.09841         16        224: 50% ━━━━━━────── 189/
      50/50     0.244G    0.09725         16        224: 52% ━━━━━━────── 194/
      50/50     0.244G    0.09753         16        224: 53% ━━━━━━────── 198/
      50/50     0.244G    0.09959         16        224: 54% ━━━━━━╸───── 203/
      50/50     0.244G    0.09924         16        224: 55% ━━━━━━╸───── 208/
      50/50     0.244G     0.0985         16        224: 56% ━━━━━━╸───── 212/
      50/50     0.244G     0.1016         16        224: 57% ━━━━━━╸───── 216/
      50/50     0.244G     0.1018         16        224: 58% ━━━━━━━───── 220/
      50/50     0.244G     0.1018         16        224: 60% ━━━━━━━───── 224/
      50/50     0.244G     0.1013         16        224: 61% ━━━━━━━───── 229/
      50/50     0.244G     0.1002         16        224: 62% ━━━━━━━───── 233/
      50/50     0.244G     0.1016         16        224: 63% ━━━━━━━╸──── 238/
      50/50     0.244G      0.101         16        224: 65% ━━━━━━━╸──── 243/
      50/50     0.244G     0.1012         16        224: 66% ━━━━━━━╸──── 248/
      50/50     0.244G     0.1012         16        224: 67% ━━━━━━━━──── 253/
      50/50     0.244G     0.1002         16        224: 69% ━━━━━━━━──── 258/
      50/50     0.244G    0.09912         16        224: 70% ━━━━━━━━──── 263/
      50/50     0.244G    0.09963         16        224: 71% ━━━━━━━━╸─── 268/
      50/50     0.244G    0.09981         16        224: 73% ━━━━━━━━╸─── 273/
      50/50     0.244G    0.09954         16        224: 74% ━━━━━━━━╸─── 278/
      50/50     0.244G     0.1001         16        224: 75% ━━━━━━━━━─── 283/
      50/50     0.244G     0.1001         16        224: 77% ━━━━━━━━━─── 288/
      50/50     0.244G    0.09985         16        224: 78% ━━━━━━━━━─── 292/
      50/50     0.244G     0.1008         16        224: 79% ━━━━━━━━━╸── 297/
      50/50     0.244G     0.1011         16        224: 80% ━━━━━━━━━╸── 301/
      50/50     0.244G     0.0998         16        224: 82% ━━━━━━━━━╸── 306/
      50/50     0.244G     0.0987         16        224: 83% ━━━━━━━━━╸── 310/
      50/50     0.244G    0.09908         16        224: 84% ━━━━━━━━━━── 315/
      50/50     0.244G     0.1005         16        224: 85% ━━━━━━━━━━── 320/
      50/50     0.244G    0.09967         16        224: 87% ━━━━━━━━━━── 325/
      50/50     0.244G        0.1         16        224: 88% ━━━━━━━━━━╸─ 330/
      50/50     0.244G    0.09938         16        224: 89% ━━━━━━━━━━╸─ 335/
      50/50     0.244G    0.09933         16        224: 91% ━━━━━━━━━━╸─ 340/
      50/50     0.244G        0.1         16        224: 92% ━━━━━━━━━━━─ 345/
      50/50     0.244G        0.1         16        224: 93% ━━━━━━━━━━━─ 350/
      50/50     0.244G    0.09923         16        224: 95% ━━━━━━━━━━━─ 355/
      50/50     0.244G    0.09841         16        224: 96% ━━━━━━━━━━━╸ 360/
      50/50     0.244G    0.09776         16        224: 97% ━━━━━━━━━━━╸ 365/
      50/50     0.244G    0.09838         16        224: 99% ━━━━━━━━━━━╸ 370/
      50/50     0.244G     0.1016          3        224: 100% ━━━━━━━━━━━━ 373/373 40.7it/s 9.2s
               classes   top1_acc   top5_acc: 23% ━━╸───────── 10/42 28.0it/s 
               classes   top1_acc   top5_acc: 45% ━━━━━─────── 19/42 43.6it/s 
               classes   top1_acc   top5_acc: 66% ━━━━━━━━──── 28/42 55.7it/s 
               classes   top1_acc   top5_acc: 85% ━━━━━━━━━━── 36/42 62.4it/s 
               classes   top1_acc   top5_acc: 100% ━━━━━━━━━━━━ 42/42 84.6it/s 0.5s
                   all      0.884      0.989

50 epochs completed in 0.139 hours.
Optimizer stripped from /home/user/22044614/runs/classify/runs_yolo11ncls/v4data-7/weights/last.pt, 3.3MB
Optimizer stripped from /home/user/22044614/runs/classify/runs_yolo11ncls/v4data-7/weights/best.pt, 3.3MB

Validating /home/user/22044614/runs/classify/runs_yolo11ncls/v4data-7/weights/best.pt...
Ultralytics 8.4.90 🚀 Python-3.10.20 torch-2.5.1+cu121 CUDA:0 (NVIDIA L4, 22574MiB)
YOLO11n-cls summary (fused): 47 layers, 1,564,454 parameters, 0 gradients, 3.2 GFLOPs
train: /home/user/22044614/dataset_v6/train... found 5955 images in 30 classes ✅ 
val: /home/user/22044614/dataset_v6/val... found 1315 images in 30 classes ✅ 
test: /home/user/22044614/dataset_v6/test... found 1347 images in 30 classes ✅ 
               classes   top1_acc   top5_acc: 9% ━─────────── 4/42 6.9it/s 0.2
               classes   top1_acc   top5_acc: 42% ━━━━━─────── 18/42 44.3it/s 
               classes   top1_acc   top5_acc: 71% ━━━━━━━━╸─── 30/42 66.3it/s 
               classes   top1_acc   top5_acc: 97% ━━━━━━━━━━━╸ 41/42 79.1it/s 
               classes   top1_acc   top5_acc: 100% ━━━━━━━━━━━━ 42/42 85.6it/s 0.5s
                   all       0.89      0.989
Speed: 0.1ms preprocess, 0.3ms inference, 0.0ms loss, 0.0ms postprocess per image
Results saved to /home/user/22044614/runs/classify/runs_yolo11ncls/v4data-7

Saved yolo11n_cls_final.pt (copied from /home/user/22044614/runs/classify/runs_yolo11ncls/v4data-7/weights/best.pt)

########## TEST EVALUATION ##########
Ultralytics 8.4.90 🚀 Python-3.10.20 torch-2.5.1+cu121 CUDA:0 (NVIDIA L4, 22574MiB)
YOLO11n-cls summary (fused): 47 layers, 1,564,454 parameters, 0 gradients, 3.2 GFLOPs
train: /home/user/22044614/dataset_v6/train... found 5955 images in 30 classes ✅ 
val: /home/user/22044614/dataset_v6/val... found 1315 images in 30 classes ✅ 
test: /home/user/22044614/dataset_v6/test... found 1347 images in 30 classes ✅ 
WARNING ⚠️ test: Slow image access detected (ping: 0.9±0.3 ms, read: 8.5±2.1 MB/s, size: 13.3 KB). Use local storage instead of remote/mounted storage for better performance. See https://docs.ultralytics.com/guides/model-training-tips/
test: Scanning /home/user/22044614/dataset_v6/test... 257 images, 0 corrupt: 1
test: Scanning /home/user/22044614/dataset_v6/test... 526 images, 0 corrupt: 3
test: Scanning /home/user/22044614/dataset_v6/test... 789 images, 0 corrupt: 5
test: Scanning /home/user/22044614/dataset_v6/test... 1064 images, 0 corrupt: 
test: Scanning /home/user/22044614/dataset_v6/test... 1335 images, 0 corrupt: 
test: Scanning /home/user/22044614/dataset_v6/test... 1347 images, 0 corrupt: 100% ━━━━━━━━━━━━ 1347/1347 2.6Kit/s 0.5s
test: New cache created: /home/user/22044614/dataset_v6/test.cache
               classes   top1_acc   top5_acc: 1% ──────────── 1/85 1.8it/s 0.2
               classes   top1_acc   top5_acc: 3% ──────────── 3/85 5.5it/s 0.3
               classes   top1_acc   top5_acc: 11% ━─────────── 10/85 22.1it/s 
               classes   top1_acc   top5_acc: 21% ━━╸───────── 18/85 39.4it/s 
               classes   top1_acc   top5_acc: 35% ━━━━──────── 30/85 61.4it/s 
               classes   top1_acc   top5_acc: 52% ━━━━━━────── 45/85 85.8it/s 
               classes   top1_acc   top5_acc: 70% ━━━━━━━━──── 60/85 102.7it/s
               classes   top1_acc   top5_acc: 88% ━━━━━━━━━━╸─ 75/85 113.7it/s
               classes   top1_acc   top5_acc: 100% ━━━━━━━━━━━━ 85/85 78.8it/s 1.1s
                   all      0.876      0.989
Speed: 0.1ms preprocess, 0.6ms inference, 0.0ms loss, 0.0ms postprocess per image
Results saved to /home/user/22044614/runs/classify/val-7
Top-1 accuracy: 0.8760
Top-5 accuracy: 0.9889
(vocabscan) 22044614@gpu-8c-l4-1g-dy-g64xl-4:/home/user/22044614$ 